📂 Using database file: /Users/x23062xx/yoyo-analysis/results.db
 * Serving Flask app 'app'
 * Debug mode: off
Address already in use
Port 5000 is in use by another program. Either identify and stop that program, or start the server with a different port.
On macOS, try searching for and disabling 'AirPlay Receiver' in System Settings.
📂 Using database file: /Users/x23062xx/yoyo-analysis/results.db
 * Serving Flask app 'app'
 * Debug mode: off
Address already in use
Port 5000 is in use by another program. Either identify and stop that program, or start the server with a different port.
On macOS, try searching for and disabling 'AirPlay Receiver' in System Settings.
📂 Using database file: /Users/x23062xx/yoyo-analysis/results.db
 * Serving Flask app 'app'
 * Debug mode: off
Address already in use
Port 5000 is in use by another program. Either identify and stop that program, or start the server with a different port.
On macOS, try searching for and disabling 'AirPlay Receiver' in System Settings.
📂 Using database file: /Users/x23062xx/yoyo-analysis/results.db
 * Serving Flask app 'app'
 * Debug mode: off
Address already in use
Port 5000 is in use by another program. Either identify and stop that program, or start the server with a different port.
On macOS, try searching for and disabling 'AirPlay Receiver' in System Settings.
